// Vitest Snapshot v1, https://vitest.dev/guide/snapshot.html

exports[`Post Card Component > created posts render correctly 1`] = `
"<div title=\\"Test Post\\" body=\\"test post body...\\">
  <!--v-if-->
  <p data-testid=\\"loader\\">Loading...</p>
  <!--v-if-->
</div>"
`;
